// Jest Snapshot v1, https://goo.gl/fbAQLP

exports[`Header should be rendered 1`] = `
<header
  className="header"
>
  <span
    className="header-name"
  >
    Список чатов:
  </span>
  <div
    className="header-elements"
  >
    <span>
      Chat1
      ; 
    </span>
    <span>
      Chat2
      ; 
    </span>
  </div>
</header>
`;
